nohup: ignoring input


processing file: hc_implementation_sanbs.Rmd
1/15                  
2/15 [unnamed-chunk-1]
3/15                  
4/15 [unnamed-chunk-2]
5/15                  
6/15 [unnamed-chunk-3]
7/15                  
8/15 [unnamed-chunk-4]
9/15                  
10/15 [unnamed-chunk-5]
11/15                  
12/15 [unnamed-chunk-6]
13/15                  
14/15 [unnamed-chunk-7]
15/15                  
output file: hc_implementation_sanbs.knit.md

/usr/bin/pandoc +RTS -K512m -RTS hc_implementation_sanbs.knit.md --to html4 --from markdown+autolink_bare_uris+tex_math_single_backslash --output hc_implementation_sanbs.html --lua-filter /usr/local/lib/R/site-library/rmarkdown/rmarkdown/lua/pagebreak.lua --lua-filter /usr/local/lib/R/site-library/rmarkdown/rmarkdown/lua/latex-div.lua --self-contained --variable bs3=TRUE --section-divs --template /usr/local/lib/R/site-library/rmarkdown/rmd/h/default.html --no-highlight --variable highlightjs=1 --variable theme=bootstrap --mathjax --variable 'mathjax-url=https://mathjax.rstudio.com/latest/MathJax.js?config=TeX-AMS-MML_HTMLorMML' --include-in-header /tmp/Rtmp2F0WYJ/rmarkdown-str35b13378a97d0e.html 

Output created: hc_implementation_sanbs.html
